
> server@1.0.0 start
> node index.js

[dotenv@17.2.1] injecting env (7) from .env -- tip: ⚙️  write to custom object with { processEnv: myObject }
Database schema initialized.
Server listening on http://localhost:5000
[2026-02-21T13:49:13.186Z] POST /chat -> 200 (57304ms)
[2026-02-21T13:50:18.078Z] GET / -> 304 (3ms)
[2026-02-21T13:50:18.079Z] GET / -> 304 (3ms)
[2026-02-21T13:50:18.182Z] GET /overview -> 304 (10ms)
[2026-02-21T13:50:18.404Z] GET / -> 304 (9ms)
[2026-02-21T13:50:18.406Z] GET / -> 304 (10ms)
[2026-02-21T13:50:18.410Z] GET /ml/risk -> 200 (16ms)
[2026-02-21T13:50:18.416Z] GET /overview -> 304 (18ms)
[2026-02-21T13:50:18.509Z] GET /ml/risk -> 200 (2ms)
[2026-02-21T13:51:06.389Z] POST /chat -> 200 (38132ms)
[2026-02-21T13:54:01.295Z] POST /chat -> 200 (56001ms)
[2026-02-21T14:59:49.774Z] GET / -> 304 (2ms)
[2026-02-21T14:59:49.775Z] GET / -> 304 (3ms)
[2026-02-21T14:59:49.910Z] GET /overview -> 304 (4ms)
[2026-02-21T14:59:50.096Z] GET /ml/risk -> 200 (4ms)
[2026-02-21T14:59:50.098Z] GET / -> 304 (3ms)
[2026-02-21T14:59:50.103Z] GET / -> 304 (6ms)
[2026-02-21T14:59:50.105Z] GET /overview -> 304 (6ms)
[2026-02-21T14:59:50.225Z] GET /ml/risk -> 200 (3ms)
[2026-02-21T15:01:33.161Z] POST /chat -> 200 (90251ms)
[2026-02-21T15:02:36.802Z] GET /ml/risk -> 200 (7ms)
[2026-02-21T15:03:29.455Z] GET / -> 304 (8ms)
[2026-02-21T15:03:29.459Z] GET / -> 304 (11ms)
[2026-02-21T15:03:29.777Z] GET /overview -> 304 (9ms)
[2026-02-21T15:03:29.783Z] GET /ml/risk -> 200 (10ms)
[2026-02-21T15:03:29.800Z] GET / -> 304 (5ms)
[2026-02-21T15:03:29.802Z] GET / -> 304 (6ms)
[2026-02-21T15:03:30.125Z] GET /overview -> 304 (15ms)
[2026-02-21T15:03:30.133Z] GET /ml/risk -> 200 (15ms)
[2026-02-21T15:03:31.311Z] GET / -> 304 (19ms)
[2026-02-21T15:03:31.316Z] GET / -> 304 (21ms)
[2026-02-21T15:03:31.321Z] GET /overview -> 304 (24ms)
[2026-02-21T15:03:31.329Z] GET /ml/risk -> 200 (17ms)
[2026-02-21T15:03:34.428Z] POST /chat -> 200 (98204ms)
[2026-02-21T15:03:48.415Z] GET / -> 304 (7ms)
[2026-02-21T15:03:48.439Z] GET / -> 304 (29ms)
[2026-02-21T15:03:48.449Z] GET /overview -> 304 (32ms)
[2026-02-21T15:03:48.458Z] GET /ml/risk -> 200 (31ms)
[2026-02-21T15:03:49.005Z] GET / -> 304 (28ms)
[2026-02-21T15:03:49.007Z] GET / -> 304 (28ms)
[2026-02-21T15:03:49.066Z] GET /overview -> 304 (47ms)
[2026-02-21T15:03:49.094Z] GET /ml/risk -> 200 (67ms)
[2026-02-21T15:03:49.101Z] GET / -> 304 (2ms)
[2026-02-21T15:03:49.326Z] GET / -> 304 (4ms)
[2026-02-21T15:03:49.378Z] GET /overview -> 304 (27ms)
[2026-02-21T15:03:49.406Z] GET /ml/risk -> 200 (9ms)
[2026-02-21T15:04:01.361Z] GET / -> 304 (5ms)
[2026-02-21T15:04:01.369Z] GET / -> 304 (12ms)
[2026-02-21T15:04:01.377Z] GET /overview -> 304 (15ms)
[2026-02-21T15:04:01.382Z] GET /ml/risk -> 200 (9ms)
[2026-02-21T15:04:01.672Z] GET / -> 304 (3ms)
[2026-02-21T15:04:01.679Z] GET / -> 304 (1ms)
[2026-02-21T15:04:01.689Z] GET /overview -> 304 (4ms)
[2026-02-21T15:04:01.698Z] GET /ml/risk -> 200 (3ms)
[2026-02-21T15:04:02.030Z] GET / -> 304 (8ms)
[2026-02-21T15:04:02.047Z] GET / -> 304 (10ms)
[2026-02-21T15:04:02.051Z] GET /overview -> 304 (12ms)
[2026-02-21T15:04:02.056Z] GET /ml/risk -> 200 (11ms)
[2026-02-21T15:04:33.284Z] GET / -> 304 (6ms)
[2026-02-21T15:04:33.285Z] GET / -> 304 (6ms)
[2026-02-21T15:04:33.287Z] GET /overview -> 304 (7ms)
[2026-02-21T15:04:33.649Z] GET /ml/risk -> 200 (16ms)
[2026-02-21T15:04:33.826Z] GET / -> 304 (6ms)
[2026-02-21T15:04:33.829Z] GET / -> 304 (7ms)
[2026-02-21T15:04:33.830Z] GET /overview -> 304 (4ms)
[2026-02-21T15:04:34.049Z] GET /ml/risk -> 200 (23ms)
[2026-02-21T15:04:34.212Z] GET / -> 304 (3ms)
[2026-02-21T15:04:34.217Z] GET / -> 304 (8ms)
[2026-02-21T15:04:34.224Z] GET /overview -> 304 (14ms)
[2026-02-21T15:04:34.394Z] GET /ml/risk -> 200 (5ms)
[2026-02-21T15:04:52.427Z] GET / -> 304 (10ms)
[2026-02-21T15:04:52.437Z] GET / -> 304 (18ms)
[2026-02-21T15:04:52.443Z] GET /overview -> 304 (15ms)
[2026-02-21T15:04:52.448Z] GET /ml/risk -> 200 (16ms)
[2026-02-21T15:04:52.752Z] GET / -> 304 (3ms)
[2026-02-21T15:04:52.753Z] GET / -> 304 (3ms)
[2026-02-21T15:04:52.774Z] GET /overview -> 304 (14ms)
[2026-02-21T15:04:52.778Z] GET /ml/risk -> 200 (12ms)
[2026-02-21T15:04:53.078Z] GET / -> 304 (4ms)
[2026-02-21T15:04:53.082Z] GET / -> 304 (6ms)
[2026-02-21T15:04:53.094Z] GET /overview -> 304 (4ms)
[2026-02-21T15:04:53.097Z] GET /ml/risk -> 200 (5ms)
[2026-02-21T15:07:17.807Z] PUT /3 -> 200 (8ms)
[2026-02-21T15:07:18.050Z] GET / -> 200 (2ms)
[2026-02-21T15:07:18.133Z] GET / -> 304 (2ms)
[2026-02-21T15:07:18.134Z] GET /overview -> 200 (2ms)
[2026-02-21T15:07:18.135Z] GET /ml/risk -> 200 (2ms)
[2026-02-21T15:08:46.178Z] POST /chat -> 200 (59788ms)
[2026-02-21T15:09:30.103Z] GET /ml/risk -> 200 (3ms)
[2026-02-21T15:09:30.829Z] GET /ml/risk -> 200 (6ms)
[2026-02-21T15:09:39.836Z] PATCH /1/status -> 200 (22ms)
[2026-02-21T15:09:40.070Z] GET /overview -> 200 (2ms)
[2026-02-21T15:09:40.152Z] GET /ml/risk -> 200 (2ms)
[2026-02-21T15:09:43.290Z] PATCH /3/status -> 200 (7ms)
[2026-02-21T15:09:43.626Z] GET /overview -> 200 (6ms)
[2026-02-21T15:09:43.627Z] GET /ml/risk -> 200 (9ms)
[2026-02-21T15:09:57.166Z] PATCH /1/status -> 200 (6ms)
[2026-02-21T15:09:57.503Z] GET /overview -> 200 (2ms)
[2026-02-21T15:09:57.504Z] GET /ml/risk -> 200 (2ms)
